2025-11-25 01:20:48  WM_QUERYENDSESSION (lParam: 0 - ordinary system shutdown/restart) =====================================
2025-11-25 01:20:48  WM_ENDSESSION (wParam: TRUE, lParam: 0 - ordinary system shutdown/restart)
2025-11-25 01:20:48  D:\GIT\01_studiesDS\Notepad++\config.xml is opened.
2025-11-25 01:20:48  D:\GIT\01_studiesDS\Notepad++\config.xml  8774/8774 bytes are written.
2025-11-25 01:20:48  D:\GIT\01_studiesDS\Notepad++\config.xml is closed.
2025-11-25 01:20:48  D:\GIT\01_studiesDS\Notepad++\session.xml is opened.
2025-11-25 01:20:48  D:\GIT\01_studiesDS\Notepad++\session.xml  2691/2691 bytes are written.
2025-11-25 01:20:48  D:\GIT\01_studiesDS\Notepad++\session.xml is closed.
2025-11-25 01:20:48  WM_DESTROY (isEndSessionStarted == true)
2025-11-30 14:53:04  WM_QUERYENDSESSION (lParam: 0 - ordinary system shutdown/restart) =====================================
2025-11-30 14:53:04  WM_ENDSESSION (wParam: TRUE, lParam: 0 - ordinary system shutdown/restart)
2025-11-30 14:53:04  D:\05 GIT\01_Docs\Notepad++\config.xml is opened.
2025-11-30 14:53:04  D:\05 GIT\01_Docs\Notepad++\config.xml  8774/8774 bytes are written.
2025-11-30 14:53:04  D:\05 GIT\01_Docs\Notepad++\config.xml is closed.
2025-11-30 14:53:04  D:\05 GIT\01_Docs\Notepad++\session.xml is opened.
2025-11-30 14:53:04  D:\05 GIT\01_Docs\Notepad++\session.xml  2059/2059 bytes are written.
2025-11-30 14:53:04  D:\05 GIT\01_Docs\Notepad++\session.xml is closed.
2025-11-30 14:53:04  WM_DESTROY (isEndSessionStarted == true)
2025-11-30 15:32:06  WM_QUERYENDSESSION (lParam: 2147483648 - ENDSESSION_LOGOFF) =====================================
2025-11-30 15:32:06  WM_ENDSESSION (wParam: TRUE, lParam: 2147483648 - ENDSESSION_LOGOFF)
2025-11-30 15:32:06  D:\05 GIT\01_Docs\Notepad++\config.xml is opened.
2025-11-30 15:32:06  D:\05 GIT\01_Docs\Notepad++\config.xml  8995/8995 bytes are written.
2025-11-30 15:32:06  D:\05 GIT\01_Docs\Notepad++\config.xml is closed.
2025-11-30 15:32:06  D:\05 GIT\01_Docs\Notepad++\session.xml is opened.
2025-11-30 15:32:06  D:\05 GIT\01_Docs\Notepad++\session.xml  2679/2679 bytes are written.
2025-11-30 15:32:06  D:\05 GIT\01_Docs\Notepad++\session.xml is closed.
2025-11-30 15:32:06  WM_DESTROY (isEndSessionStarted == true)
2025-12-14 06:11:05  WM_QUERYENDSESSION (lParam: 1073741825 - ENDSESSION_CLOSEAPP - ENDSESSION_CRITICAL) =====================================
2025-12-14 06:11:05  WM_ENDSESSION (wParam: TRUE, lParam: 1073741825 - ENDSESSION_CLOSEAPP - ENDSESSION_CRITICAL)
2025-12-14 06:11:05  D:\05 GIT\01_Docs\Notepad++\config.xml is opened.
2025-12-14 06:11:05  D:\05 GIT\01_Docs\Notepad++\config.xml  9594/9594 bytes are written.
2025-12-14 06:11:05  D:\05 GIT\01_Docs\Notepad++\config.xml is closed.
2025-12-14 06:11:05  D:\05 GIT\01_Docs\Notepad++\session.xml is opened.
2025-12-14 06:11:05  D:\05 GIT\01_Docs\Notepad++\session.xml  3292/3292 bytes are written.
2025-12-14 06:11:05  D:\05 GIT\01_Docs\Notepad++\session.xml is closed.
2025-12-14 06:11:05  WM_DESTROY (isEndSessionStarted == true)
2025-12-27 21:19:53  WM_QUERYENDSESSION (lParam: 0 - ordinary system shutdown/restart) =====================================
2025-12-27 21:19:53  WM_ENDSESSION (wParam: TRUE, lParam: 0 - ordinary system shutdown/restart)
2025-12-27 21:19:53  D:\05 GIT\01_Docs\Notepad++\config.xml is opened.
2025-12-27 21:19:53  D:\05 GIT\01_Docs\Notepad++\config.xml  9640/9640 bytes are written.
2025-12-27 21:19:53  D:\05 GIT\01_Docs\Notepad++\config.xml is closed.
2025-12-27 21:19:53  D:\05 GIT\01_Docs\Notepad++\session.xml is opened.
2025-12-27 21:19:53  D:\05 GIT\01_Docs\Notepad++\session.xml  3285/3285 bytes are written.
2025-12-27 21:19:53  D:\05 GIT\01_Docs\Notepad++\session.xml is closed.
2025-12-27 21:19:53  WM_DESTROY (isEndSessionStarted == true)
2026-01-29 12:33:51  WM_QUERYENDSESSION (lParam: 0 - ordinary system shutdown/restart) =====================================
2026-01-29 12:33:51  WM_ENDSESSION (wParam: TRUE, lParam: 0 - ordinary system shutdown/restart)
2026-01-29 12:33:51  D:\05 GIT\01_masterRepo\Notepad++\config.xml is opened.
2026-01-29 12:33:51  D:\05 GIT\01_masterRepo\Notepad++\config.xml  10611/10611 bytes are written.
2026-01-29 12:33:51  D:\05 GIT\01_masterRepo\Notepad++\config.xml is closed.
2026-01-29 12:33:51  D:\05 GIT\01_masterRepo\Notepad++\session.xml is opened.
2026-01-29 12:33:51  D:\05 GIT\01_masterRepo\Notepad++\session.xml  3332/3332 bytes are written.
2026-01-29 12:33:51  D:\05 GIT\01_masterRepo\Notepad++\session.xml is closed.
2026-03-01 01:15:57  WM_QUERYENDSESSION (lParam: 0 - ordinary system shutdown/restart) =====================================
2026-03-01 01:15:57  WM_ENDSESSION (wParam: TRUE, lParam: 0 - ordinary system shutdown/restart)
2026-03-01 01:15:58  D:\05 GIT\01_masterRepo\Notepad++\config.xml is opened.
2026-03-01 01:15:58  D:\05 GIT\01_masterRepo\Notepad++\config.xml  10600/10600 bytes are written.
2026-03-01 01:15:58  D:\05 GIT\01_masterRepo\Notepad++\config.xml is closed.
2026-03-01 01:15:58  D:\05 GIT\01_masterRepo\Notepad++\session.xml is opened.
2026-03-01 01:15:58  D:\05 GIT\01_masterRepo\Notepad++\session.xml  3317/3317 bytes are written.
2026-03-01 01:15:58  D:\05 GIT\01_masterRepo\Notepad++\session.xml is closed.
2026-03-01 01:15:58  WM_DESTROY (isEndSessionStarted == true)
2026-03-01 02:23:26  WM_QUERYENDSESSION (lParam: 0 - ordinary system shutdown/restart) =====================================
2026-03-01 02:23:26  WM_ENDSESSION (wParam: TRUE, lParam: 0 - ordinary system shutdown/restart)
2026-03-01 02:23:26  D:\05 GIT\01_masterRepo\Notepad++\config.xml is opened.
2026-03-01 02:23:26  D:\05 GIT\01_masterRepo\Notepad++\config.xml  10600/10600 bytes are written.
2026-03-01 02:23:26  D:\05 GIT\01_masterRepo\Notepad++\config.xml is closed.
2026-03-01 02:23:26  D:\05 GIT\01_masterRepo\Notepad++\session.xml is opened.
2026-03-01 02:23:26  D:\05 GIT\01_masterRepo\Notepad++\session.xml  3326/3326 bytes are written.
2026-03-01 02:23:26  D:\05 GIT\01_masterRepo\Notepad++\session.xml is closed.
2026-03-01 02:23:26  WM_DESTROY (isEndSessionStarted == true)
2026-03-07 13:48:43  WM_QUERYENDSESSION (lParam: 0 - ordinary system shutdown/restart) =====================================
2026-03-07 13:48:43  WM_ENDSESSION (wParam: TRUE, lParam: 0 - ordinary system shutdown/restart)
2026-03-07 13:48:46  D:\05 GIT\01_masterRepo\Notepad++\config.xml is opened.
2026-03-07 13:48:46  D:\05 GIT\01_masterRepo\Notepad++\config.xml  10599/10599 bytes are written.
2026-03-07 13:48:46  D:\05 GIT\01_masterRepo\Notepad++\config.xml is closed.
2026-03-07 13:48:46  D:\05 GIT\01_masterRepo\Notepad++\session.xml is opened.
2026-03-07 13:48:46  D:\05 GIT\01_masterRepo\Notepad++\session.xml  5143/5143 bytes are written.
2026-03-07 13:48:46  D:\05 GIT\01_masterRepo\Notepad++\session.xml is closed.
2026-03-07 13:48:46  WM_DESTROY (isEndSessionStarted == true)
2026-03-09 01:33:26  WM_QUERYENDSESSION (lParam: 0 - ordinary system shutdown/restart) =====================================
2026-03-09 01:33:26  WM_ENDSESSION (wParam: TRUE, lParam: 0 - ordinary system shutdown/restart)
2026-03-09 01:33:26  D:\05 GIT\01_masterRepo\Notepad++\config.xml is opened.
2026-03-09 01:33:26  D:\05 GIT\01_masterRepo\Notepad++\config.xml  10673/10673 bytes are written.
2026-03-09 01:33:26  D:\05 GIT\01_masterRepo\Notepad++\config.xml is closed.
2026-03-09 01:33:26  D:\05 GIT\01_masterRepo\Notepad++\session.xml is opened.
2026-03-09 01:33:26  D:\05 GIT\01_masterRepo\Notepad++\session.xml  3924/3924 bytes are written.
2026-03-09 01:33:26  D:\05 GIT\01_masterRepo\Notepad++\session.xml is closed.
2026-03-09 01:33:26  WM_DESTROY (isEndSessionStarted == true)
2026-03-10 00:34:35  WM_QUERYENDSESSION (lParam: 0 - ordinary system shutdown/restart) =====================================
2026-03-10 00:34:35  WM_ENDSESSION (wParam: TRUE, lParam: 0 - ordinary system shutdown/restart)
2026-03-10 00:34:35  D:\05 GIT\01_masterRepo\Notepad++\config.xml is opened.
2026-03-10 00:34:35  D:\05 GIT\01_masterRepo\Notepad++\config.xml  10673/10673 bytes are written.
2026-03-10 00:34:35  D:\05 GIT\01_masterRepo\Notepad++\config.xml is closed.
2026-03-10 00:34:35  D:\05 GIT\01_masterRepo\Notepad++\session.xml is opened.
2026-03-10 00:34:35  D:\05 GIT\01_masterRepo\Notepad++\session.xml  3918/3918 bytes are written.
2026-03-10 00:34:35  D:\05 GIT\01_masterRepo\Notepad++\session.xml is closed.
2026-03-10 00:34:35  WM_DESTROY (isEndSessionStarted == true)
2026-03-17 12:00:37  WM_QUERYENDSESSION (lParam: 1073741824 - ENDSESSION_CRITICAL) =====================================
2026-03-17 12:00:37  WM_ENDSESSION (wParam: TRUE, lParam: 1073741824 - ENDSESSION_CRITICAL)
2026-03-17 12:00:37  D:\05 GIT\01_masterRepo\Notepad++\config.xml is opened.
2026-03-17 12:00:37  D:\05 GIT\01_masterRepo\Notepad++\config.xml  10646/10646 bytes are written.
2026-03-17 12:00:37  D:\05 GIT\01_masterRepo\Notepad++\config.xml is closed.
2026-03-17 12:00:37  D:\05 GIT\01_masterRepo\Notepad++\session.xml is opened.
2026-03-17 12:00:37  D:\05 GIT\01_masterRepo\Notepad++\session.xml  3917/3917 bytes are written.
2026-03-17 12:00:37  D:\05 GIT\01_masterRepo\Notepad++\session.xml is closed.
2026-03-17 12:00:37  WM_DESTROY (isEndSessionStarted == true)
2026-03-18 20:54:48  WM_QUERYENDSESSION (lParam: 2147483648 - ENDSESSION_LOGOFF) =====================================
2026-03-18 20:54:48  WM_ENDSESSION (wParam: TRUE, lParam: 2147483648 - ENDSESSION_LOGOFF)
2026-03-18 20:54:48  D:\05 GIT\01_masterRepo\Notepad++\config.xml is opened.
2026-03-18 20:54:48  D:\05 GIT\01_masterRepo\Notepad++\config.xml  10646/10646 bytes are written.
2026-03-18 20:54:48  D:\05 GIT\01_masterRepo\Notepad++\config.xml is closed.
2026-03-18 20:54:48  D:\05 GIT\01_masterRepo\Notepad++\session.xml is opened.
2026-03-18 20:54:48  D:\05 GIT\01_masterRepo\Notepad++\session.xml  3918/3918 bytes are written.
2026-03-18 20:54:48  D:\05 GIT\01_masterRepo\Notepad++\session.xml is closed.
2026-03-18 20:54:48  WM_DESTROY (isEndSessionStarted == true)
2026-03-19 08:50:01  WM_QUERYENDSESSION (lParam: 0 - ordinary system shutdown/restart) =====================================
2026-03-19 08:50:01  WM_ENDSESSION (wParam: TRUE, lParam: 0 - ordinary system shutdown/restart)
2026-03-19 08:50:02  D:\05 GIT\01_masterRepo\Notepad++\config.xml is opened.
2026-03-19 08:50:02  D:\05 GIT\01_masterRepo\Notepad++\config.xml  10646/10646 bytes are written.
2026-03-19 08:50:02  D:\05 GIT\01_masterRepo\Notepad++\config.xml is closed.
2026-03-19 08:50:02  D:\05 GIT\01_masterRepo\Notepad++\session.xml is opened.
2026-03-19 08:50:02  D:\05 GIT\01_masterRepo\Notepad++\session.xml  3925/3925 bytes are written.
2026-03-19 08:50:02  D:\05 GIT\01_masterRepo\Notepad++\session.xml is closed.
2026-03-19 08:50:02  WM_DESTROY (isEndSessionStarted == true)
2026-03-31 16:42:52  WM_QUERYENDSESSION (lParam: 0 - ordinary system shutdown/restart) =====================================
2026-03-31 16:42:52  WM_ENDSESSION (wParam: TRUE, lParam: 0 - ordinary system shutdown/restart)
2026-03-31 16:42:52  D:\05 GIT\01_masterRepo\Notepad++\config.xml is opened.
2026-03-31 16:42:52  D:\05 GIT\01_masterRepo\Notepad++\config.xml  10691/10691 bytes are written.
2026-03-31 16:42:52  D:\05 GIT\01_masterRepo\Notepad++\config.xml is closed.
2026-03-31 16:42:52  D:\05 GIT\01_masterRepo\Notepad++\session.xml is opened.
2026-03-31 16:42:52  D:\05 GIT\01_masterRepo\Notepad++\session.xml  845/845 bytes are written.
2026-03-31 16:42:52  D:\05 GIT\01_masterRepo\Notepad++\session.xml is closed.
2026-04-12 14:07:17  WM_QUERYENDSESSION (lParam: 2147483648 - ENDSESSION_LOGOFF) =====================================
2026-04-12 14:07:17  WM_ENDSESSION (wParam: TRUE, lParam: 2147483648 - ENDSESSION_LOGOFF)
2026-04-12 14:07:18  D:\05 GIT\01_masterRepo\Notepad++\config.xml is opened.
2026-04-12 14:07:18  D:\05 GIT\01_masterRepo\Notepad++\config.xml  10629/10629 bytes are written.
2026-04-12 14:07:18  D:\05 GIT\01_masterRepo\Notepad++\config.xml is closed.
2026-04-12 14:07:18  D:\05 GIT\01_masterRepo\Notepad++\session.xml is opened.
2026-04-12 14:07:18  D:\05 GIT\01_masterRepo\Notepad++\session.xml  1459/1459 bytes are written.
2026-04-12 14:07:18  D:\05 GIT\01_masterRepo\Notepad++\session.xml is closed.
2026-04-19 05:35:42  WM_QUERYENDSESSION (lParam: 1073741825 - ENDSESSION_CLOSEAPP - ENDSESSION_CRITICAL) =====================================
2026-04-19 05:35:42  WM_ENDSESSION (wParam: TRUE, lParam: 1073741825 - ENDSESSION_CLOSEAPP - ENDSESSION_CRITICAL)
2026-04-19 05:35:42  D:\05 GIT\01_masterRepo\Notepad++\config.xml is opened.
2026-04-19 05:35:42  D:\05 GIT\01_masterRepo\Notepad++\config.xml  10615/10615 bytes are written.
2026-04-19 05:35:42  D:\05 GIT\01_masterRepo\Notepad++\config.xml is closed.
2026-04-19 05:35:42  D:\05 GIT\01_masterRepo\Notepad++\session.xml is opened.
2026-04-19 05:35:42  D:\05 GIT\01_masterRepo\Notepad++\session.xml  1452/1452 bytes are written.
2026-04-19 05:35:42  D:\05 GIT\01_masterRepo\Notepad++\session.xml is closed.
2026-04-19 05:35:42  WM_DESTROY (isEndSessionStarted == true)
2026-04-20 01:10:18  WM_QUERYENDSESSION (lParam: 0 - ordinary system shutdown/restart) =====================================
2026-04-20 01:10:18  WM_ENDSESSION (wParam: TRUE, lParam: 0 - ordinary system shutdown/restart)
2026-04-20 01:10:18  D:\05 GIT\01_masterRepo\Notepad++\config.xml is opened.
2026-04-20 01:10:18  D:\05 GIT\01_masterRepo\Notepad++\config.xml  10633/10633 bytes are written.
2026-04-20 01:10:18  D:\05 GIT\01_masterRepo\Notepad++\config.xml is closed.
2026-04-20 01:10:18  D:\05 GIT\01_masterRepo\Notepad++\session.xml is opened.
2026-04-20 01:10:18  D:\05 GIT\01_masterRepo\Notepad++\session.xml  2077/2077 bytes are written.
2026-04-20 01:10:18  D:\05 GIT\01_masterRepo\Notepad++\session.xml is closed.
2026-04-20 01:10:18  WM_DESTROY (isEndSessionStarted == true)
2026-04-21 01:39:52  WM_QUERYENDSESSION (lParam: 0 - ordinary system shutdown/restart) =====================================
2026-04-21 01:39:52  WM_ENDSESSION (wParam: TRUE, lParam: 0 - ordinary system shutdown/restart)
2026-04-21 01:39:52  D:\05 GIT\01_masterRepo\Notepad++\config.xml is opened.
2026-04-21 01:39:52  D:\05 GIT\01_masterRepo\Notepad++\config.xml  10599/10599 bytes are written.
2026-04-21 01:39:52  D:\05 GIT\01_masterRepo\Notepad++\config.xml is closed.
2026-04-21 01:39:52  D:\05 GIT\01_masterRepo\Notepad++\session.xml is opened.
2026-04-21 01:39:52  D:\05 GIT\01_masterRepo\Notepad++\session.xml  2048/2048 bytes are written.
2026-04-21 01:39:52  D:\05 GIT\01_masterRepo\Notepad++\session.xml is closed.
2026-04-21 01:39:52  WM_DESTROY (isEndSessionStarted == true)
2026-05-01 23:35:18  WM_QUERYENDSESSION (lParam: 0 - ordinary system shutdown/restart) =====================================
2026-05-01 23:35:19  WM_ENDSESSION (wParam: TRUE, lParam: 0 - ordinary system shutdown/restart)
2026-05-01 23:35:19  D:\05 GIT\01_masterRepo\Notepad++\config.xml is opened.
2026-05-01 23:35:19  D:\05 GIT\01_masterRepo\Notepad++\config.xml  10614/10614 bytes are written.
2026-05-01 23:35:19  D:\05 GIT\01_masterRepo\Notepad++\config.xml is closed.
2026-05-01 23:35:19  D:\05 GIT\01_masterRepo\Notepad++\session.xml is opened.
2026-05-01 23:35:19  D:\05 GIT\01_masterRepo\Notepad++\session.xml  1463/1463 bytes are written.
2026-05-01 23:35:19  D:\05 GIT\01_masterRepo\Notepad++\session.xml is closed.
2026-05-01 23:35:19  WM_DESTROY (isEndSessionStarted == true)
